[2026-09-18T08:43:49.472+0000] {local_task_job_runner.py:120} INFO - ::group::Pre task execution logs
[2026-09-18T08:43:49.516+0000] {taskinstance.py:2076} INFO - Dependencies all met for dep_context=non-requeueable deps ti=<TaskInstance: meteorisk_pipeline.extract_cities scheduled__2026-09-17T00:00:00+00:00 [queued]>
[2026-09-18T08:43:49.526+0000] {taskinstance.py:2076} INFO - Dependencies all met for dep_context=requeueable deps ti=<TaskInstance: meteorisk_pipeline.extract_cities scheduled__2026-09-17T00:00:00+00:00 [queued]>
[2026-09-18T08:43:49.543+0000] {taskinstance.py:2306} INFO - Starting attempt 1 of 3
[2026-09-18T08:43:49.564+0000] {taskinstance.py:2330} INFO - Executing <Task(BashOperator): extract_cities> on 2026-09-17 00:00:00+00:00
[2026-09-18T08:43:49.592+0000] {logging_mixin.py:188} WARNING - /home/airflow/.local/lib/python3.12/site-packages/airflow/task/task_runner/standard_task_runner.py:62 DeprecationWarning: This process (pid=205) is multi-threaded, use of fork() may lead to deadlocks in the child.
[2026-09-18T08:43:49.591+0000] {standard_task_runner.py:90} INFO - Running: ['airflow', 'tasks', 'run', 'meteorisk_pipeline', 'extract_cities', 'scheduled__2026-09-17T00:00:00+00:00', '--job-id', '20', '--raw', '--subdir', 'DAGS_FOLDER/meteorisk_dag.py', '--cfg-path', '/tmp/tmp2r5bb9kb']
[2026-09-18T08:43:49.594+0000] {standard_task_runner.py:64} INFO - Started process 208 to run task
[2026-09-18T08:43:49.594+0000] {standard_task_runner.py:91} INFO - Job 20: Subtask extract_cities
[2026-09-18T08:43:49.732+0000] {task_command.py:426} INFO - Running <TaskInstance: meteorisk_pipeline.extract_cities scheduled__2026-09-17T00:00:00+00:00 [running]> on host 642d0aadbf4e
[2026-09-18T08:43:49.937+0000] {taskinstance.py:2648} INFO - Exporting env vars: AIRFLOW_CTX_DAG_OWNER='Abderrahmane' AIRFLOW_CTX_DAG_ID='meteorisk_pipeline' AIRFLOW_CTX_TASK_ID='extract_cities' AIRFLOW_CTX_EXECUTION_DATE='2026-09-17T00:00:00+00:00' AIRFLOW_CTX_TRY_NUMBER='1' AIRFLOW_CTX_DAG_RUN_ID='scheduled__2026-09-17T00:00:00+00:00'
[2026-09-18T08:43:49.939+0000] {taskinstance.py:430} INFO - ::endgroup::
[2026-09-18T08:43:50.022+0000] {subprocess.py:63} INFO - Tmp dir root location: /tmp
[2026-09-18T08:43:50.024+0000] {subprocess.py:75} INFO - Running command: ['/usr/bin/bash', '-c', 'cd /opt/airflow && python extraction/extract_cities.py']
[2026-09-18T08:43:50.040+0000] {subprocess.py:86} INFO - Output:
[2026-09-18T08:43:53.989+0000] {subprocess.py:93} INFO - Index(['city_ascii', 'lat', 'lng', 'country', 'admin_name', 'population',
[2026-09-18T08:43:53.990+0000] {subprocess.py:93} INFO -        'id'],
[2026-09-18T08:43:53.992+0000] {subprocess.py:93} INFO -       dtype='object')
[2026-09-18T08:43:53.993+0000] {subprocess.py:93} INFO -      city_ascii      lat  ...  population          id
[2026-09-18T08:43:53.994+0000] {subprocess.py:93} INFO - 130  Casablanca  33.5992  ...   3950000.0  1504175315
[2026-09-18T08:43:53.994+0000] {subprocess.py:93} INFO - 536     Tangier  35.7767  ...   1275428.0  1504861504
[2026-09-18T08:43:53.995+0000] {subprocess.py:93} INFO - 601         Fes  34.0433  ...   1167842.0  1504861997
[2026-09-18T08:43:53.996+0000] {subprocess.py:93} INFO - 643   Marrakech  31.6295  ...   1085330.0  1504172585
[2026-09-18T08:43:53.997+0000] {subprocess.py:93} INFO - 766        Sale  34.0500  ...    945101.0  1504989034
[2026-09-18T08:43:53.997+0000] {subprocess.py:93} INFO - 
[2026-09-18T08:43:53.998+0000] {subprocess.py:93} INFO - [5 rows x 7 columns]
[2026-09-18T08:43:54.142+0000] {subprocess.py:97} INFO - Command exited with return code 0
[2026-09-18T08:43:54.144+0000] {taskinstance.py:441} INFO - ::group::Post task execution logs
[2026-09-18T08:43:54.210+0000] {taskinstance.py:1206} INFO - Marking task as SUCCESS. dag_id=meteorisk_pipeline, task_id=extract_cities, run_id=scheduled__2026-09-17T00:00:00+00:00, execution_date=20260917T000000, start_date=20260918T084349, end_date=20260918T084354
[2026-09-18T08:43:54.277+0000] {local_task_job_runner.py:243} INFO - Task exited with return code 0
[2026-09-18T08:43:54.329+0000] {taskinstance.py:3503} INFO - 1 downstream tasks scheduled from follow-on schedule check
[2026-09-18T08:43:54.333+0000] {local_task_job_runner.py:222} INFO - ::endgroup::
