[2026-09-18T10:28:37.255+0000] {local_task_job_runner.py:120} INFO - ::group::Pre task execution logs
[2026-09-18T10:28:37.294+0000] {taskinstance.py:2076} INFO - Dependencies all met for dep_context=non-requeueable deps ti=<TaskInstance: meteorisk_pipeline.load_postgres manual__2026-09-18T10:27:13.277721+00:00 [queued]>
[2026-09-18T10:28:37.306+0000] {taskinstance.py:2076} INFO - Dependencies all met for dep_context=requeueable deps ti=<TaskInstance: meteorisk_pipeline.load_postgres manual__2026-09-18T10:27:13.277721+00:00 [queued]>
[2026-09-18T10:28:37.307+0000] {taskinstance.py:2306} INFO - Starting attempt 1 of 3
[2026-09-18T10:28:37.320+0000] {taskinstance.py:2330} INFO - Executing <Task(BashOperator): load_postgres> on 2026-09-18 10:27:13.277721+00:00
[2026-09-18T10:28:37.333+0000] {logging_mixin.py:188} WARNING - /home/airflow/.local/lib/python3.12/site-packages/airflow/task/task_runner/standard_task_runner.py:62 DeprecationWarning: This process (pid=1500) is multi-threaded, use of fork() may lead to deadlocks in the child.
[2026-09-18T10:28:37.332+0000] {standard_task_runner.py:90} INFO - Running: ['airflow', 'tasks', 'run', 'meteorisk_pipeline', 'load_postgres', 'manual__2026-09-18T10:27:13.277721+00:00', '--job-id', '33', '--raw', '--subdir', 'DAGS_FOLDER/meteorisk_dag.py', '--cfg-path', '/tmp/tmp4hozb7mr']
[2026-09-18T10:28:37.335+0000] {standard_task_runner.py:64} INFO - Started process 1501 to run task
[2026-09-18T10:28:37.335+0000] {standard_task_runner.py:91} INFO - Job 33: Subtask load_postgres
[2026-09-18T10:28:37.392+0000] {task_command.py:426} INFO - Running <TaskInstance: meteorisk_pipeline.load_postgres manual__2026-09-18T10:27:13.277721+00:00 [running]> on host 642d0aadbf4e
[2026-09-18T10:28:37.499+0000] {taskinstance.py:2648} INFO - Exporting env vars: AIRFLOW_CTX_DAG_OWNER='Abderrahmane' AIRFLOW_CTX_DAG_ID='meteorisk_pipeline' AIRFLOW_CTX_TASK_ID='load_postgres' AIRFLOW_CTX_EXECUTION_DATE='2026-09-18T10:27:13.277721+00:00' AIRFLOW_CTX_TRY_NUMBER='1' AIRFLOW_CTX_DAG_RUN_ID='manual__2026-09-18T10:27:13.277721+00:00'
[2026-09-18T10:28:37.501+0000] {taskinstance.py:430} INFO - ::endgroup::
[2026-09-18T10:28:37.515+0000] {subprocess.py:63} INFO - Tmp dir root location: /tmp
[2026-09-18T10:28:37.517+0000] {subprocess.py:75} INFO - Running command: ['/usr/bin/bash', '-c', 'cd /opt/airflow && python load/load_postgres.py']
[2026-09-18T10:28:37.529+0000] {subprocess.py:86} INFO - Output:
[2026-09-18T10:28:39.266+0000] {subprocess.py:93} INFO - 61 villes upsertées
[2026-09-18T10:28:39.267+0000] {subprocess.py:93} INFO - 427 prévisions upsertées
[2026-09-18T10:28:39.387+0000] {subprocess.py:97} INFO - Command exited with return code 0
[2026-09-18T10:28:39.388+0000] {taskinstance.py:441} INFO - ::group::Post task execution logs
[2026-09-18T10:28:39.429+0000] {taskinstance.py:1206} INFO - Marking task as SUCCESS. dag_id=meteorisk_pipeline, task_id=load_postgres, run_id=manual__2026-09-18T10:27:13.277721+00:00, execution_date=20260918T102713, start_date=20260918T102837, end_date=20260918T102839
[2026-09-18T10:28:39.483+0000] {local_task_job_runner.py:243} INFO - Task exited with return code 0
[2026-09-18T10:28:39.502+0000] {taskinstance.py:3503} INFO - 0 downstream tasks scheduled from follow-on schedule check
[2026-09-18T10:28:39.507+0000] {local_task_job_runner.py:222} INFO - ::endgroup::
