[2026-09-18T10:33:24.254+0000] {local_task_job_runner.py:120} INFO - ::group::Pre task execution logs
[2026-09-18T10:33:24.293+0000] {taskinstance.py:2076} INFO - Dependencies all met for dep_context=non-requeueable deps ti=<TaskInstance: meteorisk_pipeline.extract_weather manual__2026-09-18T10:33:20.341327+00:00 [queued]>
[2026-09-18T10:33:24.306+0000] {taskinstance.py:2076} INFO - Dependencies all met for dep_context=requeueable deps ti=<TaskInstance: meteorisk_pipeline.extract_weather manual__2026-09-18T10:33:20.341327+00:00 [queued]>
[2026-09-18T10:33:24.308+0000] {taskinstance.py:2306} INFO - Starting attempt 1 of 3
[2026-09-18T10:33:24.326+0000] {taskinstance.py:2330} INFO - Executing <Task(BashOperator): extract_weather> on 2026-09-18 10:33:20.341327+00:00
[2026-09-18T10:33:24.338+0000] {standard_task_runner.py:90} INFO - Running: ['airflow', 'tasks', 'run', 'meteorisk_pipeline', 'extract_weather', 'manual__2026-09-18T10:33:20.341327+00:00', '--job-id', '36', '--raw', '--subdir', 'DAGS_FOLDER/meteorisk_dag.py', '--cfg-path', '/tmp/tmplp73uiwc']
[2026-09-18T10:33:24.341+0000] {standard_task_runner.py:91} INFO - Job 36: Subtask extract_weather
[2026-09-18T10:33:24.340+0000] {logging_mixin.py:188} WARNING - /home/airflow/.local/lib/python3.12/site-packages/airflow/task/task_runner/standard_task_runner.py:62 DeprecationWarning: This process (pid=1595) is multi-threaded, use of fork() may lead to deadlocks in the child.
[2026-09-18T10:33:24.342+0000] {standard_task_runner.py:64} INFO - Started process 1596 to run task
[2026-09-18T10:33:24.400+0000] {task_command.py:426} INFO - Running <TaskInstance: meteorisk_pipeline.extract_weather manual__2026-09-18T10:33:20.341327+00:00 [running]> on host 642d0aadbf4e
[2026-09-18T10:33:24.500+0000] {taskinstance.py:2648} INFO - Exporting env vars: AIRFLOW_CTX_DAG_OWNER='Abderrahmane' AIRFLOW_CTX_DAG_ID='meteorisk_pipeline' AIRFLOW_CTX_TASK_ID='extract_weather' AIRFLOW_CTX_EXECUTION_DATE='2026-09-18T10:33:20.341327+00:00' AIRFLOW_CTX_TRY_NUMBER='1' AIRFLOW_CTX_DAG_RUN_ID='manual__2026-09-18T10:33:20.341327+00:00'
[2026-09-18T10:33:24.502+0000] {taskinstance.py:430} INFO - ::endgroup::
[2026-09-18T10:33:24.518+0000] {subprocess.py:63} INFO - Tmp dir root location: /tmp
[2026-09-18T10:33:24.519+0000] {subprocess.py:75} INFO - Running command: ['/usr/bin/bash', '-c', 'cd /opt/airflow && python extraction/extract_weather.py']
[2026-09-18T10:33:24.528+0000] {subprocess.py:86} INFO - Output:
[2026-09-18T10:34:43.647+0000] {subprocess.py:93} INFO - bronze/weather_1504175315_2026-09-18.json -> Saved
[2026-09-18T10:34:43.655+0000] {subprocess.py:93} INFO - bronze/weather_1504861504_2026-09-18.json -> Saved
[2026-09-18T10:34:43.661+0000] {subprocess.py:93} INFO - bronze/weather_1504861997_2026-09-18.json -> Saved
[2026-09-18T10:34:43.663+0000] {subprocess.py:93} INFO - bronze/weather_1504172585_2026-09-18.json -> Saved
[2026-09-18T10:34:43.666+0000] {subprocess.py:93} INFO - bronze/weather_1504989034_2026-09-18.json -> Saved
[2026-09-18T10:34:43.669+0000] {subprocess.py:93} INFO - bronze/weather_1504333193_2026-09-18.json -> Saved
[2026-09-18T10:34:43.671+0000] {subprocess.py:93} INFO - bronze/weather_1504023252_2026-09-18.json -> Saved
[2026-09-18T10:34:43.674+0000] {subprocess.py:93} INFO - bronze/weather_1504116858_2026-09-18.json -> Saved
[2026-09-18T10:34:43.677+0000] {subprocess.py:93} INFO - bronze/weather_1504534876_2026-09-18.json -> Saved
[2026-09-18T10:34:43.679+0000] {subprocess.py:93} INFO - bronze/weather_1504891036_2026-09-18.json -> Saved
[2026-09-18T10:34:43.681+0000] {subprocess.py:93} INFO - bronze/weather_1504709141_2026-09-18.json -> Saved
[2026-09-18T10:34:43.683+0000] {subprocess.py:93} INFO - bronze/weather_1504000717_2026-09-18.json -> Saved
[2026-09-18T10:34:43.685+0000] {subprocess.py:93} INFO - bronze/weather_1504648957_2026-09-18.json -> Saved
[2026-09-18T10:34:43.687+0000] {subprocess.py:93} INFO - bronze/weather_1504016606_2026-09-18.json -> Saved
[2026-09-18T10:34:43.689+0000] {subprocess.py:93} INFO - bronze/weather_1504000319_2026-09-18.json -> Saved
[2026-09-18T10:34:43.690+0000] {subprocess.py:93} INFO - bronze/weather_1504964063_2026-09-18.json -> Saved
[2026-09-18T10:34:43.693+0000] {subprocess.py:93} INFO - bronze/weather_1504134516_2026-09-18.json -> Saved
[2026-09-18T10:34:43.695+0000] {subprocess.py:93} INFO - bronze/weather_1504131639_2026-09-18.json -> Saved
[2026-09-18T10:34:43.698+0000] {subprocess.py:93} INFO - bronze/weather_1504503306_2026-09-18.json -> Saved
[2026-09-18T10:34:43.699+0000] {subprocess.py:93} INFO - bronze/weather_1504399838_2026-09-18.json -> Saved
[2026-09-18T10:34:43.701+0000] {subprocess.py:93} INFO - bronze/weather_1504542634_2026-09-18.json -> Saved
[2026-09-18T10:34:43.702+0000] {subprocess.py:93} INFO - bronze/weather_1504325928_2026-09-18.json -> Saved
[2026-09-18T10:34:43.704+0000] {subprocess.py:93} INFO - bronze/weather_1504720478_2026-09-18.json -> Saved
[2026-09-18T10:34:43.705+0000] {subprocess.py:93} INFO - bronze/weather_1504194885_2026-09-18.json -> Saved
[2026-09-18T10:34:43.707+0000] {subprocess.py:93} INFO - bronze/weather_1504999983_2026-09-18.json -> Saved
[2026-09-18T10:34:43.709+0000] {subprocess.py:93} INFO - bronze/weather_1504811178_2026-09-18.json -> Saved
[2026-09-18T10:34:43.711+0000] {subprocess.py:93} INFO - bronze/weather_1504405154_2026-09-18.json -> Saved
[2026-09-18T10:34:43.712+0000] {subprocess.py:93} INFO - bronze/weather_1504786674_2026-09-18.json -> Saved
[2026-09-18T10:34:43.714+0000] {subprocess.py:93} INFO - bronze/weather_1504637172_2026-09-18.json -> Saved
[2026-09-18T10:34:43.715+0000] {subprocess.py:93} INFO - bronze/weather_1504079907_2026-09-18.json -> Saved
[2026-09-18T10:34:43.716+0000] {subprocess.py:93} INFO - bronze/weather_1504110861_2026-09-18.json -> Saved
[2026-09-18T10:34:43.717+0000] {subprocess.py:93} INFO - bronze/weather_1504230428_2026-09-18.json -> Saved
[2026-09-18T10:34:43.718+0000] {subprocess.py:93} INFO - bronze/weather_1504143530_2026-09-18.json -> Saved
[2026-09-18T10:34:43.719+0000] {subprocess.py:93} INFO - bronze/weather_1504664899_2026-09-18.json -> Saved
[2026-09-18T10:34:43.720+0000] {subprocess.py:93} INFO - bronze/weather_1504512130_2026-09-18.json -> Saved
[2026-09-18T10:34:43.722+0000] {subprocess.py:93} INFO - bronze/weather_1504365068_2026-09-18.json -> Saved
[2026-09-18T10:34:43.723+0000] {subprocess.py:93} INFO - bronze/weather_1504909564_2026-09-18.json -> Saved
[2026-09-18T10:34:43.726+0000] {subprocess.py:93} INFO - bronze/weather_1504009062_2026-09-18.json -> Saved
[2026-09-18T10:34:43.728+0000] {subprocess.py:93} INFO - bronze/weather_1504399163_2026-09-18.json -> Saved
[2026-09-18T10:34:43.730+0000] {subprocess.py:93} INFO - bronze/weather_1504675410_2026-09-18.json -> Saved
[2026-09-18T10:34:43.731+0000] {subprocess.py:93} INFO - bronze/weather_1504846488_2026-09-18.json -> Saved
[2026-09-18T10:34:43.732+0000] {subprocess.py:93} INFO - bronze/weather_1504563452_2026-09-18.json -> Saved
[2026-09-18T10:34:43.733+0000] {subprocess.py:93} INFO - bronze/weather_1504661999_2026-09-18.json -> Saved
[2026-09-18T10:34:43.734+0000] {subprocess.py:93} INFO - bronze/weather_1504278611_2026-09-18.json -> Saved
[2026-09-18T10:34:43.736+0000] {subprocess.py:93} INFO - bronze/weather_1504282363_2026-09-18.json -> Saved
[2026-09-18T10:34:43.737+0000] {subprocess.py:93} INFO - bronze/weather_1504400263_2026-09-18.json -> Saved
[2026-09-18T10:34:43.738+0000] {subprocess.py:93} INFO - bronze/weather_1504005759_2026-09-18.json -> Saved
[2026-09-18T10:34:43.739+0000] {subprocess.py:93} INFO - bronze/weather_1504975687_2026-09-18.json -> Saved
[2026-09-18T10:34:43.741+0000] {subprocess.py:93} INFO - bronze/weather_1504000451_2026-09-18.json -> Saved
[2026-09-18T10:34:43.742+0000] {subprocess.py:93} INFO - bronze/weather_1504341023_2026-09-18.json -> Saved
[2026-09-18T10:34:43.744+0000] {subprocess.py:93} INFO - bronze/weather_1504101128_2026-09-18.json -> Saved
[2026-09-18T10:34:43.746+0000] {subprocess.py:93} INFO - bronze/weather_1504098746_2026-09-18.json -> Saved
[2026-09-18T10:34:43.747+0000] {subprocess.py:93} INFO - bronze/weather_1504926324_2026-09-18.json -> Saved
[2026-09-18T10:34:43.748+0000] {subprocess.py:93} INFO - bronze/weather_1504020762_2026-09-18.json -> Saved
[2026-09-18T10:34:43.749+0000] {subprocess.py:93} INFO - bronze/weather_1504255211_2026-09-18.json -> Saved
[2026-09-18T10:34:43.750+0000] {subprocess.py:93} INFO - bronze/weather_1504820285_2026-09-18.json -> Saved
[2026-09-18T10:34:43.752+0000] {subprocess.py:93} INFO - bronze/weather_1504989758_2026-09-18.json -> Saved
[2026-09-18T10:34:43.753+0000] {subprocess.py:93} INFO - bronze/weather_1504415764_2026-09-18.json -> Saved
[2026-09-18T10:34:43.754+0000] {subprocess.py:93} INFO - bronze/weather_1504845522_2026-09-18.json -> Saved
[2026-09-18T10:34:43.754+0000] {subprocess.py:93} INFO - bronze/weather_1504585311_2026-09-18.json -> Saved
[2026-09-18T10:34:43.755+0000] {subprocess.py:93} INFO - bronze/weather_1504842310_2026-09-18.json -> Saved
[2026-09-18T10:34:43.823+0000] {subprocess.py:97} INFO - Command exited with return code 0
[2026-09-18T10:34:43.826+0000] {taskinstance.py:441} INFO - ::group::Post task execution logs
[2026-09-18T10:34:43.868+0000] {taskinstance.py:1206} INFO - Marking task as SUCCESS. dag_id=meteorisk_pipeline, task_id=extract_weather, run_id=manual__2026-09-18T10:33:20.341327+00:00, execution_date=20260918T103320, start_date=20260918T103324, end_date=20260918T103443
[2026-09-18T10:34:43.899+0000] {local_task_job_runner.py:243} INFO - Task exited with return code 0
[2026-09-18T10:34:43.936+0000] {taskinstance.py:3503} INFO - 1 downstream tasks scheduled from follow-on schedule check
[2026-09-18T10:34:43.942+0000] {local_task_job_runner.py:222} INFO - ::endgroup::
