[2026-09-18T10:28:31.014+0000] {local_task_job_runner.py:120} INFO - ::group::Pre task execution logs
[2026-09-18T10:28:31.052+0000] {taskinstance.py:2076} INFO - Dependencies all met for dep_context=non-requeueable deps ti=<TaskInstance: meteorisk_pipeline.clean_silver manual__2026-09-18T10:27:13.277721+00:00 [queued]>
[2026-09-18T10:28:31.061+0000] {taskinstance.py:2076} INFO - Dependencies all met for dep_context=requeueable deps ti=<TaskInstance: meteorisk_pipeline.clean_silver manual__2026-09-18T10:27:13.277721+00:00 [queued]>
[2026-09-18T10:28:31.064+0000] {taskinstance.py:2306} INFO - Starting attempt 1 of 3
[2026-09-18T10:28:31.078+0000] {taskinstance.py:2330} INFO - Executing <Task(BashOperator): clean_silver> on 2026-09-18 10:27:13.277721+00:00
[2026-09-18T10:28:31.088+0000] {standard_task_runner.py:90} INFO - Running: ['airflow', 'tasks', 'run', 'meteorisk_pipeline', 'clean_silver', 'manual__2026-09-18T10:27:13.277721+00:00', '--job-id', '29', '--raw', '--subdir', 'DAGS_FOLDER/meteorisk_dag.py', '--cfg-path', '/tmp/tmp_6bf9bvh']
[2026-09-18T10:28:31.090+0000] {logging_mixin.py:188} WARNING - /home/airflow/.local/lib/python3.12/site-packages/airflow/task/task_runner/standard_task_runner.py:62 DeprecationWarning: This process (pid=1440) is multi-threaded, use of fork() may lead to deadlocks in the child.
[2026-09-18T10:28:31.091+0000] {standard_task_runner.py:91} INFO - Job 29: Subtask clean_silver
[2026-09-18T10:28:31.092+0000] {standard_task_runner.py:64} INFO - Started process 1441 to run task
[2026-09-18T10:28:31.150+0000] {task_command.py:426} INFO - Running <TaskInstance: meteorisk_pipeline.clean_silver manual__2026-09-18T10:27:13.277721+00:00 [running]> on host 642d0aadbf4e
[2026-09-18T10:28:31.281+0000] {taskinstance.py:2648} INFO - Exporting env vars: AIRFLOW_CTX_DAG_OWNER='Abderrahmane' AIRFLOW_CTX_DAG_ID='meteorisk_pipeline' AIRFLOW_CTX_TASK_ID='clean_silver' AIRFLOW_CTX_EXECUTION_DATE='2026-09-18T10:27:13.277721+00:00' AIRFLOW_CTX_TRY_NUMBER='1' AIRFLOW_CTX_DAG_RUN_ID='manual__2026-09-18T10:27:13.277721+00:00'
[2026-09-18T10:28:31.291+0000] {taskinstance.py:430} INFO - ::endgroup::
[2026-09-18T10:28:31.328+0000] {subprocess.py:63} INFO - Tmp dir root location: /tmp
[2026-09-18T10:28:31.340+0000] {subprocess.py:75} INFO - Running command: ['/usr/bin/bash', '-c', 'cd /opt/airflow && python transformation/clean_silver.py']
[2026-09-18T10:28:31.363+0000] {subprocess.py:86} INFO - Output:
[2026-09-18T10:28:32.393+0000] {subprocess.py:93} INFO - 2026-09-18 10:28:32,393 [INFO] 227 fichiers JSON trouvés dans bronze
[2026-09-18T10:28:34.169+0000] {subprocess.py:93} INFO - 2026-09-18 10:28:34,169 [INFO] Silver termine : 654 lignes, 61 villes
[2026-09-18T10:28:34.252+0000] {subprocess.py:97} INFO - Command exited with return code 0
[2026-09-18T10:28:34.253+0000] {taskinstance.py:441} INFO - ::group::Post task execution logs
[2026-09-18T10:28:34.282+0000] {taskinstance.py:1206} INFO - Marking task as SUCCESS. dag_id=meteorisk_pipeline, task_id=clean_silver, run_id=manual__2026-09-18T10:27:13.277721+00:00, execution_date=20260918T102713, start_date=20260918T102831, end_date=20260918T102834
[2026-09-18T10:28:34.337+0000] {local_task_job_runner.py:243} INFO - Task exited with return code 0
[2026-09-18T10:28:34.371+0000] {taskinstance.py:3503} INFO - 1 downstream tasks scheduled from follow-on schedule check
[2026-09-18T10:28:34.374+0000] {local_task_job_runner.py:222} INFO - ::endgroup::
