[2026-09-18T08:45:06.226+0000] {local_task_job_runner.py:120} INFO - ::group::Pre task execution logs
[2026-09-18T08:45:06.283+0000] {taskinstance.py:2076} INFO - Dependencies all met for dep_context=non-requeueable deps ti=<TaskInstance: meteorisk_pipeline.clean_silver scheduled__2026-09-17T00:00:00+00:00 [queued]>
[2026-09-18T08:45:06.295+0000] {taskinstance.py:2076} INFO - Dependencies all met for dep_context=requeueable deps ti=<TaskInstance: meteorisk_pipeline.clean_silver scheduled__2026-09-17T00:00:00+00:00 [queued]>
[2026-09-18T08:45:06.298+0000] {taskinstance.py:2306} INFO - Starting attempt 1 of 3
[2026-09-18T08:45:06.315+0000] {taskinstance.py:2330} INFO - Executing <Task(BashOperator): clean_silver> on 2026-09-17 00:00:00+00:00
[2026-09-18T08:45:06.325+0000] {standard_task_runner.py:90} INFO - Running: ['airflow', 'tasks', 'run', 'meteorisk_pipeline', 'clean_silver', 'scheduled__2026-09-17T00:00:00+00:00', '--job-id', '22', '--raw', '--subdir', 'DAGS_FOLDER/meteorisk_dag.py', '--cfg-path', '/tmp/tmpoixtzvsg']
[2026-09-18T08:45:06.329+0000] {standard_task_runner.py:91} INFO - Job 22: Subtask clean_silver
[2026-09-18T08:45:06.330+0000] {logging_mixin.py:188} WARNING - /home/airflow/.local/lib/python3.12/site-packages/airflow/task/task_runner/standard_task_runner.py:62 DeprecationWarning: This process (pid=276) is multi-threaded, use of fork() may lead to deadlocks in the child.
[2026-09-18T08:45:06.331+0000] {standard_task_runner.py:64} INFO - Started process 277 to run task
[2026-09-18T08:45:06.407+0000] {task_command.py:426} INFO - Running <TaskInstance: meteorisk_pipeline.clean_silver scheduled__2026-09-17T00:00:00+00:00 [running]> on host 642d0aadbf4e
[2026-09-18T08:45:06.537+0000] {taskinstance.py:2648} INFO - Exporting env vars: AIRFLOW_CTX_DAG_OWNER='Abderrahmane' AIRFLOW_CTX_DAG_ID='meteorisk_pipeline' AIRFLOW_CTX_TASK_ID='clean_silver' AIRFLOW_CTX_EXECUTION_DATE='2026-09-17T00:00:00+00:00' AIRFLOW_CTX_TRY_NUMBER='1' AIRFLOW_CTX_DAG_RUN_ID='scheduled__2026-09-17T00:00:00+00:00'
[2026-09-18T08:45:06.539+0000] {taskinstance.py:430} INFO - ::endgroup::
[2026-09-18T08:45:06.559+0000] {subprocess.py:63} INFO - Tmp dir root location: /tmp
[2026-09-18T08:45:06.561+0000] {subprocess.py:75} INFO - Running command: ['/usr/bin/bash', '-c', 'cd /opt/airflow && python transformation/clean_silver.py']
[2026-09-18T08:45:06.572+0000] {subprocess.py:86} INFO - Output:
[2026-09-18T08:45:08.097+0000] {subprocess.py:93} INFO - 2026-09-18 08:45:08,096 [INFO] 227 fichiers JSON trouvés dans bronze
[2026-09-18T08:45:10.677+0000] {subprocess.py:93} INFO - 2026-09-18 08:45:10,677 [INFO] Silver termine : 654 lignes, 61 villes
[2026-09-18T08:45:10.754+0000] {subprocess.py:97} INFO - Command exited with return code 0
[2026-09-18T08:45:10.756+0000] {taskinstance.py:441} INFO - ::group::Post task execution logs
[2026-09-18T08:45:10.791+0000] {taskinstance.py:1206} INFO - Marking task as SUCCESS. dag_id=meteorisk_pipeline, task_id=clean_silver, run_id=scheduled__2026-09-17T00:00:00+00:00, execution_date=20260917T000000, start_date=20260918T084506, end_date=20260918T084510
[2026-09-18T08:45:10.828+0000] {local_task_job_runner.py:243} INFO - Task exited with return code 0
[2026-09-18T08:45:10.861+0000] {taskinstance.py:3503} INFO - 1 downstream tasks scheduled from follow-on schedule check
[2026-09-18T08:45:10.867+0000] {local_task_job_runner.py:222} INFO - ::endgroup::
