[2026-09-18T08:43:55.283+0000] {local_task_job_runner.py:120} INFO - ::group::Pre task execution logs
[2026-09-18T08:43:55.343+0000] {taskinstance.py:2076} INFO - Dependencies all met for dep_context=non-requeueable deps ti=<TaskInstance: meteorisk_pipeline.extract_weather scheduled__2026-09-17T00:00:00+00:00 [queued]>
[2026-09-18T08:43:55.359+0000] {taskinstance.py:2076} INFO - Dependencies all met for dep_context=requeueable deps ti=<TaskInstance: meteorisk_pipeline.extract_weather scheduled__2026-09-17T00:00:00+00:00 [queued]>
[2026-09-18T08:43:55.360+0000] {taskinstance.py:2306} INFO - Starting attempt 1 of 3
[2026-09-18T08:43:55.391+0000] {taskinstance.py:2330} INFO - Executing <Task(BashOperator): extract_weather> on 2026-09-17 00:00:00+00:00
[2026-09-18T08:43:55.405+0000] {standard_task_runner.py:90} INFO - Running: ['airflow', 'tasks', 'run', 'meteorisk_pipeline', 'extract_weather', 'scheduled__2026-09-17T00:00:00+00:00', '--job-id', '21', '--raw', '--subdir', 'DAGS_FOLDER/meteorisk_dag.py', '--cfg-path', '/tmp/tmpeztg9jww']
[2026-09-18T08:43:55.409+0000] {standard_task_runner.py:91} INFO - Job 21: Subtask extract_weather
[2026-09-18T08:43:55.409+0000] {logging_mixin.py:188} WARNING - /home/airflow/.local/lib/python3.12/site-packages/airflow/task/task_runner/standard_task_runner.py:62 DeprecationWarning: This process (pid=234) is multi-threaded, use of fork() may lead to deadlocks in the child.
[2026-09-18T08:43:55.410+0000] {standard_task_runner.py:64} INFO - Started process 235 to run task
[2026-09-18T08:43:55.491+0000] {task_command.py:426} INFO - Running <TaskInstance: meteorisk_pipeline.extract_weather scheduled__2026-09-17T00:00:00+00:00 [running]> on host 642d0aadbf4e
[2026-09-18T08:43:55.609+0000] {taskinstance.py:2648} INFO - Exporting env vars: AIRFLOW_CTX_DAG_OWNER='Abderrahmane' AIRFLOW_CTX_DAG_ID='meteorisk_pipeline' AIRFLOW_CTX_TASK_ID='extract_weather' AIRFLOW_CTX_EXECUTION_DATE='2026-09-17T00:00:00+00:00' AIRFLOW_CTX_TRY_NUMBER='1' AIRFLOW_CTX_DAG_RUN_ID='scheduled__2026-09-17T00:00:00+00:00'
[2026-09-18T08:43:55.610+0000] {taskinstance.py:430} INFO - ::endgroup::
[2026-09-18T08:43:55.626+0000] {subprocess.py:63} INFO - Tmp dir root location: /tmp
[2026-09-18T08:43:55.629+0000] {subprocess.py:75} INFO - Running command: ['/usr/bin/bash', '-c', 'cd /opt/airflow && python extraction/extract_weather.py']
[2026-09-18T08:43:55.637+0000] {subprocess.py:86} INFO - Output:
[2026-09-18T08:45:05.335+0000] {subprocess.py:93} INFO - bronze/weather_1504175315_2026-09-18.json -> Saved
[2026-09-18T08:45:05.338+0000] {subprocess.py:93} INFO - bronze/weather_1504861504_2026-09-18.json -> Saved
[2026-09-18T08:45:05.340+0000] {subprocess.py:93} INFO - bronze/weather_1504861997_2026-09-18.json -> Saved
[2026-09-18T08:45:05.341+0000] {subprocess.py:93} INFO - bronze/weather_1504172585_2026-09-18.json -> Saved
[2026-09-18T08:45:05.343+0000] {subprocess.py:93} INFO - bronze/weather_1504989034_2026-09-18.json -> Saved
[2026-09-18T08:45:05.346+0000] {subprocess.py:93} INFO - bronze/weather_1504333193_2026-09-18.json -> Saved
[2026-09-18T08:45:05.347+0000] {subprocess.py:93} INFO - bronze/weather_1504023252_2026-09-18.json -> Saved
[2026-09-18T08:45:05.348+0000] {subprocess.py:93} INFO - bronze/weather_1504116858_2026-09-18.json -> Saved
[2026-09-18T08:45:05.350+0000] {subprocess.py:93} INFO - bronze/weather_1504534876_2026-09-18.json -> Saved
[2026-09-18T08:45:05.352+0000] {subprocess.py:93} INFO - bronze/weather_1504891036_2026-09-18.json -> Saved
[2026-09-18T08:45:05.354+0000] {subprocess.py:93} INFO - bronze/weather_1504709141_2026-09-18.json -> Saved
[2026-09-18T08:45:05.356+0000] {subprocess.py:93} INFO - bronze/weather_1504000717_2026-09-18.json -> Saved
[2026-09-18T08:45:05.358+0000] {subprocess.py:93} INFO - bronze/weather_1504648957_2026-09-18.json -> Saved
[2026-09-18T08:45:05.360+0000] {subprocess.py:93} INFO - bronze/weather_1504016606_2026-09-18.json -> Saved
[2026-09-18T08:45:05.362+0000] {subprocess.py:93} INFO - bronze/weather_1504000319_2026-09-18.json -> Saved
[2026-09-18T08:45:05.363+0000] {subprocess.py:93} INFO - bronze/weather_1504964063_2026-09-18.json -> Saved
[2026-09-18T08:45:05.365+0000] {subprocess.py:93} INFO - bronze/weather_1504134516_2026-09-18.json -> Saved
[2026-09-18T08:45:05.368+0000] {subprocess.py:93} INFO - bronze/weather_1504131639_2026-09-18.json -> Saved
[2026-09-18T08:45:05.370+0000] {subprocess.py:93} INFO - bronze/weather_1504503306_2026-09-18.json -> Saved
[2026-09-18T08:45:05.372+0000] {subprocess.py:93} INFO - bronze/weather_1504399838_2026-09-18.json -> Saved
[2026-09-18T08:45:05.373+0000] {subprocess.py:93} INFO - bronze/weather_1504542634_2026-09-18.json -> Saved
[2026-09-18T08:45:05.374+0000] {subprocess.py:93} INFO - bronze/weather_1504325928_2026-09-18.json -> Saved
[2026-09-18T08:45:05.375+0000] {subprocess.py:93} INFO - bronze/weather_1504720478_2026-09-18.json -> Saved
[2026-09-18T08:45:05.375+0000] {subprocess.py:93} INFO - bronze/weather_1504194885_2026-09-18.json -> Saved
[2026-09-18T08:45:05.376+0000] {subprocess.py:93} INFO - bronze/weather_1504999983_2026-09-18.json -> Saved
[2026-09-18T08:45:05.376+0000] {subprocess.py:93} INFO - bronze/weather_1504811178_2026-09-18.json -> Saved
[2026-09-18T08:45:05.377+0000] {subprocess.py:93} INFO - bronze/weather_1504405154_2026-09-18.json -> Saved
[2026-09-18T08:45:05.377+0000] {subprocess.py:93} INFO - bronze/weather_1504786674_2026-09-18.json -> Saved
[2026-09-18T08:45:05.378+0000] {subprocess.py:93} INFO - bronze/weather_1504637172_2026-09-18.json -> Saved
[2026-09-18T08:45:05.378+0000] {subprocess.py:93} INFO - bronze/weather_1504079907_2026-09-18.json -> Saved
[2026-09-18T08:45:05.379+0000] {subprocess.py:93} INFO - bronze/weather_1504110861_2026-09-18.json -> Saved
[2026-09-18T08:45:05.379+0000] {subprocess.py:93} INFO - bronze/weather_1504230428_2026-09-18.json -> Saved
[2026-09-18T08:45:05.379+0000] {subprocess.py:93} INFO - bronze/weather_1504143530_2026-09-18.json -> Saved
[2026-09-18T08:45:05.380+0000] {subprocess.py:93} INFO - bronze/weather_1504664899_2026-09-18.json -> Saved
[2026-09-18T08:45:05.380+0000] {subprocess.py:93} INFO - bronze/weather_1504512130_2026-09-18.json -> Saved
[2026-09-18T08:45:05.380+0000] {subprocess.py:93} INFO - bronze/weather_1504365068_2026-09-18.json -> Saved
[2026-09-18T08:45:05.381+0000] {subprocess.py:93} INFO - bronze/weather_1504909564_2026-09-18.json -> Saved
[2026-09-18T08:45:05.381+0000] {subprocess.py:93} INFO - bronze/weather_1504009062_2026-09-18.json -> Saved
[2026-09-18T08:45:05.381+0000] {subprocess.py:93} INFO - bronze/weather_1504399163_2026-09-18.json -> Saved
[2026-09-18T08:45:05.382+0000] {subprocess.py:93} INFO - bronze/weather_1504675410_2026-09-18.json -> Saved
[2026-09-18T08:45:05.382+0000] {subprocess.py:93} INFO - bronze/weather_1504846488_2026-09-18.json -> Saved
[2026-09-18T08:45:05.382+0000] {subprocess.py:93} INFO - bronze/weather_1504563452_2026-09-18.json -> Saved
[2026-09-18T08:45:05.383+0000] {subprocess.py:93} INFO - bronze/weather_1504661999_2026-09-18.json -> Saved
[2026-09-18T08:45:05.384+0000] {subprocess.py:93} INFO - bronze/weather_1504278611_2026-09-18.json -> Saved
[2026-09-18T08:45:05.385+0000] {subprocess.py:93} INFO - bronze/weather_1504282363_2026-09-18.json -> Saved
[2026-09-18T08:45:05.385+0000] {subprocess.py:93} INFO - bronze/weather_1504400263_2026-09-18.json -> Saved
[2026-09-18T08:45:05.386+0000] {subprocess.py:93} INFO - bronze/weather_1504005759_2026-09-18.json -> Saved
[2026-09-18T08:45:05.387+0000] {subprocess.py:93} INFO - bronze/weather_1504975687_2026-09-18.json -> Saved
[2026-09-18T08:45:05.388+0000] {subprocess.py:93} INFO - bronze/weather_1504000451_2026-09-18.json -> Saved
[2026-09-18T08:45:05.389+0000] {subprocess.py:93} INFO - bronze/weather_1504341023_2026-09-18.json -> Saved
[2026-09-18T08:45:05.389+0000] {subprocess.py:93} INFO - bronze/weather_1504101128_2026-09-18.json -> Saved
[2026-09-18T08:45:05.389+0000] {subprocess.py:93} INFO - bronze/weather_1504098746_2026-09-18.json -> Saved
[2026-09-18T08:45:05.390+0000] {subprocess.py:93} INFO - bronze/weather_1504926324_2026-09-18.json -> Saved
[2026-09-18T08:45:05.390+0000] {subprocess.py:93} INFO - bronze/weather_1504020762_2026-09-18.json -> Saved
[2026-09-18T08:45:05.390+0000] {subprocess.py:93} INFO - bronze/weather_1504255211_2026-09-18.json -> Saved
[2026-09-18T08:45:05.391+0000] {subprocess.py:93} INFO - bronze/weather_1504820285_2026-09-18.json -> Saved
[2026-09-18T08:45:05.391+0000] {subprocess.py:93} INFO - bronze/weather_1504989758_2026-09-18.json -> Saved
[2026-09-18T08:45:05.392+0000] {subprocess.py:93} INFO - bronze/weather_1504415764_2026-09-18.json -> Saved
[2026-09-18T08:45:05.392+0000] {subprocess.py:93} INFO - bronze/weather_1504845522_2026-09-18.json -> Saved
[2026-09-18T08:45:05.392+0000] {subprocess.py:93} INFO - bronze/weather_1504585311_2026-09-18.json -> Saved
[2026-09-18T08:45:05.393+0000] {subprocess.py:93} INFO - bronze/weather_1504842310_2026-09-18.json -> Saved
[2026-09-18T08:45:05.459+0000] {subprocess.py:97} INFO - Command exited with return code 0
[2026-09-18T08:45:05.460+0000] {taskinstance.py:441} INFO - ::group::Post task execution logs
[2026-09-18T08:45:05.497+0000] {taskinstance.py:1206} INFO - Marking task as SUCCESS. dag_id=meteorisk_pipeline, task_id=extract_weather, run_id=scheduled__2026-09-17T00:00:00+00:00, execution_date=20260917T000000, start_date=20260918T084355, end_date=20260918T084505
[2026-09-18T08:45:05.555+0000] {local_task_job_runner.py:243} INFO - Task exited with return code 0
[2026-09-18T08:45:05.585+0000] {taskinstance.py:3503} INFO - 1 downstream tasks scheduled from follow-on schedule check
[2026-09-18T08:45:05.590+0000] {local_task_job_runner.py:222} INFO - ::endgroup::
