[2026-09-18T10:28:38.001+0000] {local_task_job_runner.py:120} INFO - ::group::Pre task execution logs
[2026-09-18T10:28:38.053+0000] {taskinstance.py:2076} INFO - Dependencies all met for dep_context=non-requeueable deps ti=<TaskInstance: meteorisk_pipeline.load_postgres manual__2026-09-18T10:27:17.929306+00:00 [queued]>
[2026-09-18T10:28:38.064+0000] {taskinstance.py:2076} INFO - Dependencies all met for dep_context=requeueable deps ti=<TaskInstance: meteorisk_pipeline.load_postgres manual__2026-09-18T10:27:17.929306+00:00 [queued]>
[2026-09-18T10:28:38.066+0000] {taskinstance.py:2306} INFO - Starting attempt 1 of 3
[2026-09-18T10:28:38.083+0000] {taskinstance.py:2330} INFO - Executing <Task(BashOperator): load_postgres> on 2026-09-18 10:27:17.929306+00:00
[2026-09-18T10:28:38.094+0000] {standard_task_runner.py:90} INFO - Running: ['airflow', 'tasks', 'run', 'meteorisk_pipeline', 'load_postgres', 'manual__2026-09-18T10:27:17.929306+00:00', '--job-id', '34', '--raw', '--subdir', 'DAGS_FOLDER/meteorisk_dag.py', '--cfg-path', '/tmp/tmpd5ed_t8i']
[2026-09-18T10:28:38.097+0000] {standard_task_runner.py:91} INFO - Job 34: Subtask load_postgres
[2026-09-18T10:28:38.098+0000] {logging_mixin.py:188} WARNING - /home/airflow/.local/lib/python3.12/site-packages/airflow/task/task_runner/standard_task_runner.py:62 DeprecationWarning: This process (pid=1514) is multi-threaded, use of fork() may lead to deadlocks in the child.
[2026-09-18T10:28:38.099+0000] {standard_task_runner.py:64} INFO - Started process 1516 to run task
[2026-09-18T10:28:38.170+0000] {task_command.py:426} INFO - Running <TaskInstance: meteorisk_pipeline.load_postgres manual__2026-09-18T10:27:17.929306+00:00 [running]> on host 642d0aadbf4e
[2026-09-18T10:28:38.268+0000] {taskinstance.py:2648} INFO - Exporting env vars: AIRFLOW_CTX_DAG_OWNER='Abderrahmane' AIRFLOW_CTX_DAG_ID='meteorisk_pipeline' AIRFLOW_CTX_TASK_ID='load_postgres' AIRFLOW_CTX_EXECUTION_DATE='2026-09-18T10:27:17.929306+00:00' AIRFLOW_CTX_TRY_NUMBER='1' AIRFLOW_CTX_DAG_RUN_ID='manual__2026-09-18T10:27:17.929306+00:00'
[2026-09-18T10:28:38.269+0000] {taskinstance.py:430} INFO - ::endgroup::
[2026-09-18T10:28:38.284+0000] {subprocess.py:63} INFO - Tmp dir root location: /tmp
[2026-09-18T10:28:38.286+0000] {subprocess.py:75} INFO - Running command: ['/usr/bin/bash', '-c', 'cd /opt/airflow && python load/load_postgres.py']
[2026-09-18T10:28:38.298+0000] {subprocess.py:86} INFO - Output:
[2026-09-18T10:28:39.781+0000] {subprocess.py:93} INFO - 61 villes upsertées
[2026-09-18T10:28:39.782+0000] {subprocess.py:93} INFO - 427 prévisions upsertées
[2026-09-18T10:28:39.887+0000] {subprocess.py:97} INFO - Command exited with return code 0
[2026-09-18T10:28:39.889+0000] {taskinstance.py:441} INFO - ::group::Post task execution logs
[2026-09-18T10:28:39.922+0000] {taskinstance.py:1206} INFO - Marking task as SUCCESS. dag_id=meteorisk_pipeline, task_id=load_postgres, run_id=manual__2026-09-18T10:27:17.929306+00:00, execution_date=20260918T102717, start_date=20260918T102838, end_date=20260918T102839
[2026-09-18T10:28:39.963+0000] {local_task_job_runner.py:243} INFO - Task exited with return code 0
[2026-09-18T10:28:40.009+0000] {taskinstance.py:3503} INFO - 0 downstream tasks scheduled from follow-on schedule check
[2026-09-18T10:28:40.014+0000] {local_task_job_runner.py:222} INFO - ::endgroup::
