[2026-09-18T10:27:21.458+0000] {local_task_job_runner.py:120} INFO - ::group::Pre task execution logs
[2026-09-18T10:27:21.506+0000] {taskinstance.py:2076} INFO - Dependencies all met for dep_context=non-requeueable deps ti=<TaskInstance: meteorisk_pipeline.extract_weather manual__2026-09-18T10:27:17.929306+00:00 [queued]>
[2026-09-18T10:27:21.516+0000] {taskinstance.py:2076} INFO - Dependencies all met for dep_context=requeueable deps ti=<TaskInstance: meteorisk_pipeline.extract_weather manual__2026-09-18T10:27:17.929306+00:00 [queued]>
[2026-09-18T10:27:21.520+0000] {taskinstance.py:2306} INFO - Starting attempt 1 of 3
[2026-09-18T10:27:21.556+0000] {taskinstance.py:2330} INFO - Executing <Task(BashOperator): extract_weather> on 2026-09-18 10:27:17.929306+00:00
[2026-09-18T10:27:21.588+0000] {logging_mixin.py:188} WARNING - /home/airflow/.local/lib/python3.12/site-packages/airflow/task/task_runner/standard_task_runner.py:62 DeprecationWarning: This process (pid=1403) is multi-threaded, use of fork() may lead to deadlocks in the child.
[2026-09-18T10:27:21.591+0000] {standard_task_runner.py:64} INFO - Started process 1415 to run task
[2026-09-18T10:27:21.599+0000] {standard_task_runner.py:90} INFO - Running: ['airflow', 'tasks', 'run', 'meteorisk_pipeline', 'extract_weather', 'manual__2026-09-18T10:27:17.929306+00:00', '--job-id', '28', '--raw', '--subdir', 'DAGS_FOLDER/meteorisk_dag.py', '--cfg-path', '/tmp/tmpit4_eqtm']
[2026-09-18T10:27:21.603+0000] {standard_task_runner.py:91} INFO - Job 28: Subtask extract_weather
[2026-09-18T10:27:21.708+0000] {task_command.py:426} INFO - Running <TaskInstance: meteorisk_pipeline.extract_weather manual__2026-09-18T10:27:17.929306+00:00 [running]> on host 642d0aadbf4e
[2026-09-18T10:27:21.825+0000] {taskinstance.py:2648} INFO - Exporting env vars: AIRFLOW_CTX_DAG_OWNER='Abderrahmane' AIRFLOW_CTX_DAG_ID='meteorisk_pipeline' AIRFLOW_CTX_TASK_ID='extract_weather' AIRFLOW_CTX_EXECUTION_DATE='2026-09-18T10:27:17.929306+00:00' AIRFLOW_CTX_TRY_NUMBER='1' AIRFLOW_CTX_DAG_RUN_ID='manual__2026-09-18T10:27:17.929306+00:00'
[2026-09-18T10:27:21.828+0000] {taskinstance.py:430} INFO - ::endgroup::
[2026-09-18T10:27:21.845+0000] {subprocess.py:63} INFO - Tmp dir root location: /tmp
[2026-09-18T10:27:21.847+0000] {subprocess.py:75} INFO - Running command: ['/usr/bin/bash', '-c', 'cd /opt/airflow && python extraction/extract_weather.py']
[2026-09-18T10:27:21.867+0000] {subprocess.py:86} INFO - Output:
[2026-09-18T10:28:30.900+0000] {subprocess.py:93} INFO - bronze/weather_1504175315_2026-09-18.json -> Saved
[2026-09-18T10:28:30.906+0000] {subprocess.py:93} INFO - bronze/weather_1504861504_2026-09-18.json -> Saved
[2026-09-18T10:28:30.909+0000] {subprocess.py:93} INFO - bronze/weather_1504861997_2026-09-18.json -> Saved
[2026-09-18T10:28:30.911+0000] {subprocess.py:93} INFO - bronze/weather_1504172585_2026-09-18.json -> Saved
[2026-09-18T10:28:30.914+0000] {subprocess.py:93} INFO - bronze/weather_1504989034_2026-09-18.json -> Saved
[2026-09-18T10:28:30.916+0000] {subprocess.py:93} INFO - bronze/weather_1504333193_2026-09-18.json -> Saved
[2026-09-18T10:28:30.923+0000] {subprocess.py:93} INFO - bronze/weather_1504023252_2026-09-18.json -> Saved
[2026-09-18T10:28:30.925+0000] {subprocess.py:93} INFO - bronze/weather_1504116858_2026-09-18.json -> Saved
[2026-09-18T10:28:30.926+0000] {subprocess.py:93} INFO - bronze/weather_1504534876_2026-09-18.json -> Saved
[2026-09-18T10:28:30.928+0000] {subprocess.py:93} INFO - bronze/weather_1504891036_2026-09-18.json -> Saved
[2026-09-18T10:28:30.930+0000] {subprocess.py:93} INFO - bronze/weather_1504709141_2026-09-18.json -> Saved
[2026-09-18T10:28:30.934+0000] {subprocess.py:93} INFO - bronze/weather_1504000717_2026-09-18.json -> Saved
[2026-09-18T10:28:30.936+0000] {subprocess.py:93} INFO - bronze/weather_1504648957_2026-09-18.json -> Saved
[2026-09-18T10:28:30.938+0000] {subprocess.py:93} INFO - bronze/weather_1504016606_2026-09-18.json -> Saved
[2026-09-18T10:28:30.940+0000] {subprocess.py:93} INFO - bronze/weather_1504000319_2026-09-18.json -> Saved
[2026-09-18T10:28:30.941+0000] {subprocess.py:93} INFO - bronze/weather_1504964063_2026-09-18.json -> Saved
[2026-09-18T10:28:30.942+0000] {subprocess.py:93} INFO - bronze/weather_1504134516_2026-09-18.json -> Saved
[2026-09-18T10:28:30.944+0000] {subprocess.py:93} INFO - bronze/weather_1504131639_2026-09-18.json -> Saved
[2026-09-18T10:28:30.945+0000] {subprocess.py:93} INFO - bronze/weather_1504503306_2026-09-18.json -> Saved
[2026-09-18T10:28:30.946+0000] {subprocess.py:93} INFO - bronze/weather_1504399838_2026-09-18.json -> Saved
[2026-09-18T10:28:30.948+0000] {subprocess.py:93} INFO - bronze/weather_1504542634_2026-09-18.json -> Saved
[2026-09-18T10:28:30.950+0000] {subprocess.py:93} INFO - bronze/weather_1504325928_2026-09-18.json -> Saved
[2026-09-18T10:28:30.951+0000] {subprocess.py:93} INFO - bronze/weather_1504720478_2026-09-18.json -> Saved
[2026-09-18T10:28:30.952+0000] {subprocess.py:93} INFO - bronze/weather_1504194885_2026-09-18.json -> Saved
[2026-09-18T10:28:30.953+0000] {subprocess.py:93} INFO - bronze/weather_1504999983_2026-09-18.json -> Saved
[2026-09-18T10:28:30.954+0000] {subprocess.py:93} INFO - bronze/weather_1504811178_2026-09-18.json -> Saved
[2026-09-18T10:28:30.955+0000] {subprocess.py:93} INFO - bronze/weather_1504405154_2026-09-18.json -> Saved
[2026-09-18T10:28:30.956+0000] {subprocess.py:93} INFO - bronze/weather_1504786674_2026-09-18.json -> Saved
[2026-09-18T10:28:30.959+0000] {subprocess.py:93} INFO - bronze/weather_1504637172_2026-09-18.json -> Saved
[2026-09-18T10:28:30.960+0000] {subprocess.py:93} INFO - bronze/weather_1504079907_2026-09-18.json -> Saved
[2026-09-18T10:28:30.961+0000] {subprocess.py:93} INFO - bronze/weather_1504110861_2026-09-18.json -> Saved
[2026-09-18T10:28:30.962+0000] {subprocess.py:93} INFO - bronze/weather_1504230428_2026-09-18.json -> Saved
[2026-09-18T10:28:30.965+0000] {subprocess.py:93} INFO - bronze/weather_1504143530_2026-09-18.json -> Saved
[2026-09-18T10:28:30.966+0000] {subprocess.py:93} INFO - bronze/weather_1504664899_2026-09-18.json -> Saved
[2026-09-18T10:28:30.967+0000] {subprocess.py:93} INFO - bronze/weather_1504512130_2026-09-18.json -> Saved
[2026-09-18T10:28:30.968+0000] {subprocess.py:93} INFO - bronze/weather_1504365068_2026-09-18.json -> Saved
[2026-09-18T10:28:30.969+0000] {subprocess.py:93} INFO - bronze/weather_1504909564_2026-09-18.json -> Saved
[2026-09-18T10:28:30.971+0000] {subprocess.py:93} INFO - bronze/weather_1504009062_2026-09-18.json -> Saved
[2026-09-18T10:28:30.972+0000] {subprocess.py:93} INFO - bronze/weather_1504399163_2026-09-18.json -> Saved
[2026-09-18T10:28:30.973+0000] {subprocess.py:93} INFO - bronze/weather_1504675410_2026-09-18.json -> Saved
[2026-09-18T10:28:30.974+0000] {subprocess.py:93} INFO - bronze/weather_1504846488_2026-09-18.json -> Saved
[2026-09-18T10:28:30.974+0000] {subprocess.py:93} INFO - bronze/weather_1504563452_2026-09-18.json -> Saved
[2026-09-18T10:28:30.975+0000] {subprocess.py:93} INFO - bronze/weather_1504661999_2026-09-18.json -> Saved
[2026-09-18T10:28:30.976+0000] {subprocess.py:93} INFO - bronze/weather_1504278611_2026-09-18.json -> Saved
[2026-09-18T10:28:30.976+0000] {subprocess.py:93} INFO - bronze/weather_1504282363_2026-09-18.json -> Saved
[2026-09-18T10:28:30.977+0000] {subprocess.py:93} INFO - bronze/weather_1504400263_2026-09-18.json -> Saved
[2026-09-18T10:28:30.978+0000] {subprocess.py:93} INFO - bronze/weather_1504005759_2026-09-18.json -> Saved
[2026-09-18T10:28:30.980+0000] {subprocess.py:93} INFO - bronze/weather_1504975687_2026-09-18.json -> Saved
[2026-09-18T10:28:30.981+0000] {subprocess.py:93} INFO - bronze/weather_1504000451_2026-09-18.json -> Saved
[2026-09-18T10:28:30.982+0000] {subprocess.py:93} INFO - bronze/weather_1504341023_2026-09-18.json -> Saved
[2026-09-18T10:28:30.983+0000] {subprocess.py:93} INFO - bronze/weather_1504101128_2026-09-18.json -> Saved
[2026-09-18T10:28:30.984+0000] {subprocess.py:93} INFO - bronze/weather_1504098746_2026-09-18.json -> Saved
[2026-09-18T10:28:30.985+0000] {subprocess.py:93} INFO - bronze/weather_1504926324_2026-09-18.json -> Saved
[2026-09-18T10:28:30.985+0000] {subprocess.py:93} INFO - bronze/weather_1504020762_2026-09-18.json -> Saved
[2026-09-18T10:28:30.986+0000] {subprocess.py:93} INFO - bronze/weather_1504255211_2026-09-18.json -> Saved
[2026-09-18T10:28:30.987+0000] {subprocess.py:93} INFO - bronze/weather_1504820285_2026-09-18.json -> Saved
[2026-09-18T10:28:30.988+0000] {subprocess.py:93} INFO - bronze/weather_1504989758_2026-09-18.json -> Saved
[2026-09-18T10:28:30.988+0000] {subprocess.py:93} INFO - bronze/weather_1504415764_2026-09-18.json -> Saved
[2026-09-18T10:28:30.989+0000] {subprocess.py:93} INFO - bronze/weather_1504845522_2026-09-18.json -> Saved
[2026-09-18T10:28:30.989+0000] {subprocess.py:93} INFO - bronze/weather_1504585311_2026-09-18.json -> Saved
[2026-09-18T10:28:30.990+0000] {subprocess.py:93} INFO - bronze/weather_1504842310_2026-09-18.json -> Saved
[2026-09-18T10:28:31.035+0000] {subprocess.py:97} INFO - Command exited with return code 0
[2026-09-18T10:28:31.037+0000] {taskinstance.py:441} INFO - ::group::Post task execution logs
[2026-09-18T10:28:31.067+0000] {taskinstance.py:1206} INFO - Marking task as SUCCESS. dag_id=meteorisk_pipeline, task_id=extract_weather, run_id=manual__2026-09-18T10:27:17.929306+00:00, execution_date=20260918T102717, start_date=20260918T102721, end_date=20260918T102831
[2026-09-18T10:28:31.086+0000] {local_task_job_runner.py:243} INFO - Task exited with return code 0
[2026-09-18T10:28:31.112+0000] {taskinstance.py:3503} INFO - 1 downstream tasks scheduled from follow-on schedule check
[2026-09-18T10:28:31.114+0000] {local_task_job_runner.py:222} INFO - ::endgroup::
